// Jest Snapshot v1, https://goo.gl/fbAQLP

exports[`async actions creates LOGIN_SUCCESS when login authorization gets a 200 response 1`] = `
Array [
  Object {
    "oAuthToken": undefined,
    "type": "LOGIN_ATTEMPT",
  },
  Object {
    "error": [Error: FORBIDDEN],
    "type": "LOGIN_FAIL",
  },
]
`;
